// Jest Snapshot v1, https://goo.gl/fbAQLP

exports[`ArticleList tests renders correctly 1`] = `
<div>
  <div
    class="list"
  >
    <div
      class="card"
    >
      <div
        class="main"
      >
        <img
          alt="You can take a pie on a plane"
          class="image"
          src="https://cdn.cnn.com/cnnnext/dam/assets/170321135754-airport-security-line-file-super-169.jpg"
        />
        <a
          class="title"
          href="/articlelist/170321135754-airport-security-line"
        >
          You can take a pie on a plane
        </a>
      </div>
      <div
        class="info"
      />
      <button
        class="button"
      >
        Show more
      </button>
    </div>
  </div>
</div>
`;
